2025-12-05 17:15:59,775 - core.mixxx_ctrl - INFO - Connesso a Mixxx su 127.0.0.1:9000
2025-12-05 17:15:59,778 - core.mpv_ctrl - WARNING - MPV Python bindings non trovati, avvio in modalità socket
2025-12-05 17:15:59,786 - core.mpv_ctrl - INFO - MPV avviato con socket: /tmp/mpv_socket
2025-12-05 17:15:59,787 - core.midi_controller - INFO - Controller MIDI fermato
2025-12-05 17:15:59,960 - core.mpv_ctrl - ERROR - Errore nell'invio del comando a MPV: [Errno 2] File o directory non esistente
2025-12-05 17:15:59,994 - core.mpv_ctrl - ERROR - Errore nell'invio del comando a MPV: [Errno 107] Il socket di destinazione non è connesso
2025-12-05 17:16:00,027 - core.mpv_ctrl - ERROR - Errore nell'invio del comando a MPV: [Errno 107] Il socket di destinazione non è connesso
2025-12-05 17:16:00,061 - core.mpv_ctrl - ERROR - Errore nell'invio del comando a MPV: [Errno 107] Il socket di destinazione non è connesso
2025-12-05 17:16:00,118 - core.mpv_ctrl - ERROR - Errore nell'invio del comando a MPV: [Errno 107] Il socket di destinazione non è connesso
2025-12-05 17:16:00,151 - core.mpv_ctrl - ERROR - Errore nell'invio del comando a MPV: [Errno 107] Il socket di destinazione non è connesso
2025-12-05 17:16:00,187 - core.mpv_ctrl - ERROR - Errore nell'invio del comando a MPV: [Errno 107] Il socket di destinazione non è connesso
2025-12-05 17:16:00,221 - core.mpv_ctrl - ERROR - Errore nell'invio del comando a MPV: [Errno 107] Il socket di destinazione non è connesso
2025-12-05 17:16:00,254 - core.mpv_ctrl - ERROR - Errore nell'invio del comando a MPV: [Errno 107] Il socket di destinazione non è connesso
2025-12-05 17:16:00,288 - core.mpv_ctrl - ERROR - Errore nell'invio del comando a MPV: [Errno 107] Il socket di destinazione non è connesso
2025-12-05 17:16:00,321 - core.mpv_ctrl - ERROR - Errore nell'invio del comando a MPV: [Errno 107] Il socket di destinazione non è connesso
2025-12-05 17:16:00,355 - core.mpv_ctrl - ERROR - Errore nell'invio del comando a MPV: [Errno 107] Il socket di destinazione non è connesso
2025-12-05 17:16:00,390 - core.mpv_ctrl - ERROR - Errore nell'invio del comando a MPV: [Errno 107] Il socket di destinazione non è connesso
2025-12-05 17:16:00,423 - core.mpv_ctrl - ERROR - Errore nell'invio del comando a MPV: [Errno 107] Il socket di destinazione non è connesso
2025-12-05 17:16:00,458 - core.mpv_ctrl - ERROR - Errore nell'invio del comando a MPV: [Errno 107] Il socket di destinazione non è connesso
2025-12-05 17:16:00,492 - core.mpv_ctrl - ERROR - Errore nell'invio del comando a MPV: [Errno 107] Il socket di destinazione non è connesso
2025-12-05 17:16:00,526 - core.mpv_ctrl - ERROR - Errore nell'invio del comando a MPV: [Errno 107] Il socket di destinazione non è connesso
2025-12-05 17:16:00,560 - core.mpv_ctrl - ERROR - Errore nell'invio del comando a MPV: [Errno 107] Il socket di destinazione non è connesso
2025-12-05 17:16:00,594 - core.mpv_ctrl - ERROR - Errore nell'invio del comando a MPV: [Errno 107] Il socket di destinazione non è connesso
2025-12-05 17:16:00,628 - core.mpv_ctrl - ERROR - Errore nell'invio del comando a MPV: [Errno 107] Il socket di destinazione non è connesso
2025-12-05 17:16:00,661 - core.mpv_ctrl - ERROR - Errore nell'invio del comando a MPV: [Errno 107] Il socket di destinazione non è connesso
2025-12-05 17:16:00,695 - core.mpv_ctrl - ERROR - Errore nell'invio del comando a MPV: [Errno 107] Il socket di destinazione non è connesso
2025-12-05 17:16:00,728 - core.mpv_ctrl - ERROR - Errore nell'invio del comando a MPV: [Errno 107] Il socket di destinazione non è connesso
2025-12-05 17:16:00,762 - core.mpv_ctrl - ERROR - Errore nell'invio del comando a MPV: [Errno 107] Il socket di destinazione non è connesso
2025-12-05 17:16:00,796 - core.mpv_ctrl - ERROR - Errore nell'invio del comando a MPV: [Errno 107] Il socket di destinazione non è connesso
2025-12-05 17:16:00,830 - core.mpv_ctrl - ERROR - Errore nell'invio del comando a MPV: [Errno 107] Il socket di destinazione non è connesso
2025-12-05 17:16:00,863 - core.mpv_ctrl - ERROR - Errore nell'invio del comando a MPV: [Errno 107] Il socket di destinazione non è connesso
2025-12-05 17:16:00,897 - core.mpv_ctrl - ERROR - Errore nell'invio del comando a MPV: [Errno 107] Il socket di destinazione non è connesso
2025-12-05 17:16:00,930 - core.mpv_ctrl - ERROR - Errore nell'invio del comando a MPV: [Errno 107] Il socket di destinazione non è connesso
2025-12-05 17:16:00,963 - core.mpv_ctrl - ERROR - Errore nell'invio del comando a MPV: [Errno 107] Il socket di destinazione non è connesso
2025-12-05 17:16:00,997 - core.mpv_ctrl - ERROR - Errore nell'invio del comando a MPV: [Errno 107] Il socket di destinazione non è connesso
2025-12-05 17:16:01,031 - core.mpv_ctrl - ERROR - Errore nell'invio del comando a MPV: [Errno 107] Il socket di destinazione non è connesso
2025-12-05 17:16:01,064 - core.mpv_ctrl - ERROR - Errore nell'invio del comando a MPV: [Errno 107] Il socket di destinazione non è connesso
2025-12-05 17:16:01,098 - core.mpv_ctrl - ERROR - Errore nell'invio del comando a MPV: [Errno 107] Il socket di destinazione non è connesso
2025-12-05 17:16:01,132 - core.mpv_ctrl - ERROR - Errore nell'invio del comando a MPV: [Errno 107] Il socket di destinazione non è connesso
2025-12-05 17:16:01,165 - core.mpv_ctrl - ERROR - Errore nell'invio del comando a MPV: [Errno 107] Il socket di destinazione non è connesso
2025-12-05 17:16:01,199 - core.mpv_ctrl - ERROR - Errore nell'invio del comando a MPV: [Errno 107] Il socket di destinazione non è connesso
2025-12-05 17:16:01,232 - core.mpv_ctrl - ERROR - Errore nell'invio del comando a MPV: [Errno 107] Il socket di destinazione non è connesso
2025-12-05 17:16:01,266 - core.mpv_ctrl - ERROR - Errore nell'invio del comando a MPV: [Errno 107] Il socket di destinazione non è connesso
2025-12-05 17:16:01,299 - core.mpv_ctrl - ERROR - Errore nell'invio del comando a MPV: [Errno 107] Il socket di destinazione non è connesso
2025-12-05 17:16:01,333 - core.mpv_ctrl - ERROR - Errore nell'invio del comando a MPV: [Errno 107] Il socket di destinazione non è connesso
2025-12-05 17:16:01,367 - core.mpv_ctrl - ERROR - Errore nell'invio del comando a MPV: [Errno 107] Il socket di destinazione non è connesso
2025-12-05 17:16:01,401 - core.mpv_ctrl - ERROR - Errore nell'invio del comando a MPV: [Errno 107] Il socket di destinazione non è connesso
2025-12-05 17:16:01,435 - core.mpv_ctrl - ERROR - Errore nell'invio del comando a MPV: [Errno 107] Il socket di destinazione non è connesso
2025-12-05 17:16:01,469 - core.mpv_ctrl - ERROR - Errore nell'invio del comando a MPV: [Errno 107] Il socket di destinazione non è connesso
2025-12-05 17:16:01,503 - core.mpv_ctrl - ERROR - Errore nell'invio del comando a MPV: [Errno 107] Il socket di destinazione non è connesso
2025-12-05 17:16:01,537 - core.mpv_ctrl - ERROR - Errore nell'invio del comando a MPV: [Errno 107] Il socket di destinazione non è connesso
2025-12-05 17:16:01,571 - core.mpv_ctrl - ERROR - Errore nell'invio del comando a MPV: [Errno 107] Il socket di destinazione non è connesso
2025-12-05 17:16:01,604 - core.mpv_ctrl - ERROR - Errore nell'invio del comando a MPV: [Errno 107] Il socket di destinazione non è connesso
2025-12-05 17:16:01,638 - core.mpv_ctrl - ERROR - Errore nell'invio del comando a MPV: [Errno 107] Il socket di destinazione non è connesso
2025-12-05 17:16:01,672 - core.mpv_ctrl - ERROR - Errore nell'invio del comando a MPV: [Errno 107] Il socket di destinazione non è connesso
2025-12-05 17:16:01,706 - core.mpv_ctrl - ERROR - Errore nell'invio del comando a MPV: [Errno 107] Il socket di destinazione non è connesso
2025-12-05 17:16:01,741 - core.mpv_ctrl - ERROR - Errore nell'invio del comando a MPV: [Errno 107] Il socket di destinazione non è connesso
2025-12-05 17:16:01,775 - core.mpv_ctrl - ERROR - Errore nell'invio del comando a MPV: [Errno 107] Il socket di destinazione non è connesso
2025-12-05 17:16:01,809 - core.mpv_ctrl - ERROR - Errore nell'invio del comando a MPV: [Errno 107] Il socket di destinazione non è connesso
2025-12-05 17:16:01,842 - core.mpv_ctrl - ERROR - Errore nell'invio del comando a MPV: [Errno 107] Il socket di destinazione non è connesso
2025-12-05 17:16:01,876 - core.mpv_ctrl - ERROR - Errore nell'invio del comando a MPV: [Errno 107] Il socket di destinazione non è connesso
2025-12-05 17:16:01,910 - core.mpv_ctrl - ERROR - Errore nell'invio del comando a MPV: [Errno 107] Il socket di destinazione non è connesso
2025-12-05 17:16:01,944 - core.mpv_ctrl - ERROR - Errore nell'invio del comando a MPV: [Errno 107] Il socket di destinazione non è connesso
2025-12-05 17:16:01,977 - core.mpv_ctrl - ERROR - Errore nell'invio del comando a MPV: [Errno 107] Il socket di destinazione non è connesso
2025-12-05 17:16:02,010 - core.mpv_ctrl - ERROR - Errore nell'invio del comando a MPV: [Errno 107] Il socket di destinazione non è connesso
2025-12-05 17:16:02,044 - core.mpv_ctrl - ERROR - Errore nell'invio del comando a MPV: [Errno 107] Il socket di destinazione non è connesso
2025-12-05 17:16:02,078 - core.mpv_ctrl - ERROR - Errore nell'invio del comando a MPV: [Errno 107] Il socket di destinazione non è connesso
2025-12-05 17:16:02,112 - core.mpv_ctrl - ERROR - Errore nell'invio del comando a MPV: [Errno 107] Il socket di destinazione non è connesso
2025-12-05 17:16:02,145 - core.mpv_ctrl - ERROR - Errore nell'invio del comando a MPV: [Errno 107] Il socket di destinazione non è connesso
2025-12-05 17:16:02,179 - core.mpv_ctrl - ERROR - Errore nell'invio del comando a MPV: [Errno 107] Il socket di destinazione non è connesso
2025-12-05 17:16:02,212 - core.mpv_ctrl - ERROR - Errore nell'invio del comando a MPV: [Errno 107] Il socket di destinazione non è connesso
2025-12-05 17:16:02,246 - core.mpv_ctrl - ERROR - Errore nell'invio del comando a MPV: [Errno 107] Il socket di destinazione non è connesso
2025-12-05 17:16:02,280 - core.mpv_ctrl - ERROR - Errore nell'invio del comando a MPV: [Errno 107] Il socket di destinazione non è connesso
2025-12-05 17:16:02,313 - core.mpv_ctrl - ERROR - Errore nell'invio del comando a MPV: [Errno 107] Il socket di destinazione non è connesso
2025-12-05 17:16:02,347 - core.mpv_ctrl - ERROR - Errore nell'invio del comando a MPV: [Errno 107] Il socket di destinazione non è connesso
2025-12-05 17:16:02,381 - core.mpv_ctrl - ERROR - Errore nell'invio del comando a MPV: [Errno 107] Il socket di destinazione non è connesso
2025-12-05 17:16:02,416 - core.mpv_ctrl - ERROR - Errore nell'invio del comando a MPV: [Errno 107] Il socket di destinazione non è connesso
2025-12-05 17:16:02,449 - core.mpv_ctrl - ERROR - Errore nell'invio del comando a MPV: [Errno 107] Il socket di destinazione non è connesso
2025-12-05 17:16:02,482 - core.mpv_ctrl - ERROR - Errore nell'invio del comando a MPV: [Errno 107] Il socket di destinazione non è connesso
2025-12-05 17:16:02,516 - core.mpv_ctrl - ERROR - Errore nell'invio del comando a MPV: [Errno 107] Il socket di destinazione non è connesso
2025-12-05 17:16:02,549 - core.mpv_ctrl - ERROR - Errore nell'invio del comando a MPV: [Errno 107] Il socket di destinazione non è connesso
2025-12-05 17:16:02,583 - core.mpv_ctrl - ERROR - Errore nell'invio del comando a MPV: [Errno 107] Il socket di destinazione non è connesso
2025-12-05 17:16:02,617 - core.mpv_ctrl - ERROR - Errore nell'invio del comando a MPV: [Errno 107] Il socket di destinazione non è connesso
2025-12-05 17:16:02,650 - core.mpv_ctrl - ERROR - Errore nell'invio del comando a MPV: [Errno 107] Il socket di destinazione non è connesso
2025-12-05 17:16:02,683 - core.mpv_ctrl - ERROR - Errore nell'invio del comando a MPV: [Errno 107] Il socket di destinazione non è connesso
2025-12-05 17:16:02,717 - core.mpv_ctrl - ERROR - Errore nell'invio del comando a MPV: [Errno 107] Il socket di destinazione non è connesso
2025-12-05 17:16:02,750 - core.mpv_ctrl - ERROR - Errore nell'invio del comando a MPV: [Errno 107] Il socket di destinazione non è connesso
2025-12-05 17:16:02,784 - core.mpv_ctrl - ERROR - Errore nell'invio del comando a MPV: [Errno 107] Il socket di destinazione non è connesso
2025-12-05 17:16:02,818 - core.mpv_ctrl - ERROR - Errore nell'invio del comando a MPV: [Errno 107] Il socket di destinazione non è connesso
2025-12-05 17:16:02,852 - core.mpv_ctrl - ERROR - Errore nell'invio del comando a MPV: [Errno 107] Il socket di destinazione non è connesso
2025-12-05 17:16:02,886 - core.mpv_ctrl - ERROR - Errore nell'invio del comando a MPV: [Errno 107] Il socket di destinazione non è connesso
2025-12-05 17:16:02,920 - core.mpv_ctrl - ERROR - Errore nell'invio del comando a MPV: [Errno 107] Il socket di destinazione non è connesso
2025-12-05 17:16:02,954 - core.mpv_ctrl - ERROR - Errore nell'invio del comando a MPV: [Errno 107] Il socket di destinazione non è connesso
2025-12-05 17:16:02,988 - core.mpv_ctrl - ERROR - Errore nell'invio del comando a MPV: [Errno 107] Il socket di destinazione non è connesso
2025-12-05 17:16:03,023 - core.mpv_ctrl - ERROR - Errore nell'invio del comando a MPV: [Errno 107] Il socket di destinazione non è connesso
2025-12-05 17:16:03,056 - core.mpv_ctrl - ERROR - Errore nell'invio del comando a MPV: [Errno 107] Il socket di destinazione non è connesso
2025-12-05 17:16:03,090 - core.mpv_ctrl - ERROR - Errore nell'invio del comando a MPV: [Errno 107] Il socket di destinazione non è connesso
2025-12-05 17:16:03,124 - core.mpv_ctrl - ERROR - Errore nell'invio del comando a MPV: [Errno 107] Il socket di destinazione non è connesso
2025-12-05 17:16:03,157 - core.mpv_ctrl - ERROR - Errore nell'invio del comando a MPV: [Errno 107] Il socket di destinazione non è connesso
2025-12-05 17:16:03,190 - core.mpv_ctrl - ERROR - Errore nell'invio del comando a MPV: [Errno 107] Il socket di destinazione non è connesso
2025-12-05 17:16:03,224 - core.mpv_ctrl - ERROR - Errore nell'invio del comando a MPV: [Errno 107] Il socket di destinazione non è connesso
2025-12-05 17:16:03,258 - core.mpv_ctrl - ERROR - Errore nell'invio del comando a MPV: [Errno 107] Il socket di destinazione non è connesso
2025-12-05 17:16:03,292 - core.mpv_ctrl - ERROR - Errore nell'invio del comando a MPV: [Errno 107] Il socket di destinazione non è connesso
2025-12-05 17:16:03,325 - core.mpv_ctrl - ERROR - Errore nell'invio del comando a MPV: [Errno 107] Il socket di destinazione non è connesso
2025-12-05 17:16:03,359 - core.mpv_ctrl - ERROR - Errore nell'invio del comando a MPV: [Errno 107] Il socket di destinazione non è connesso
2025-12-05 17:16:03,393 - core.mpv_ctrl - ERROR - Errore nell'invio del comando a MPV: [Errno 107] Il socket di destinazione non è connesso
2025-12-05 17:16:03,426 - core.mpv_ctrl - ERROR - Errore nell'invio del comando a MPV: [Errno 107] Il socket di destinazione non è connesso
2025-12-05 17:16:03,459 - core.mpv_ctrl - ERROR - Errore nell'invio del comando a MPV: [Errno 107] Il socket di destinazione non è connesso
2025-12-05 17:16:03,493 - core.mpv_ctrl - ERROR - Errore nell'invio del comando a MPV: [Errno 107] Il socket di destinazione non è connesso
2025-12-05 17:16:03,527 - core.mpv_ctrl - ERROR - Errore nell'invio del comando a MPV: [Errno 107] Il socket di destinazione non è connesso
2025-12-05 17:16:03,561 - core.mpv_ctrl - ERROR - Errore nell'invio del comando a MPV: [Errno 107] Il socket di destinazione non è connesso
2025-12-05 17:16:03,594 - core.mpv_ctrl - ERROR - Errore nell'invio del comando a MPV: [Errno 107] Il socket di destinazione non è connesso
2025-12-05 17:16:03,628 - core.mpv_ctrl - ERROR - Errore nell'invio del comando a MPV: [Errno 107] Il socket di destinazione non è connesso
2025-12-05 17:16:03,661 - core.mpv_ctrl - ERROR - Errore nell'invio del comando a MPV: [Errno 107] Il socket di destinazione non è connesso
2025-12-05 17:16:03,694 - core.mpv_ctrl - ERROR - Errore nell'invio del comando a MPV: [Errno 107] Il socket di destinazione non è connesso
2025-12-05 17:16:03,727 - core.mpv_ctrl - ERROR - Errore nell'invio del comando a MPV: [Errno 107] Il socket di destinazione non è connesso
2025-12-05 17:16:03,761 - core.mpv_ctrl - ERROR - Errore nell'invio del comando a MPV: [Errno 107] Il socket di destinazione non è connesso
2025-12-05 17:16:03,795 - core.mpv_ctrl - ERROR - Errore nell'invio del comando a MPV: [Errno 107] Il socket di destinazione non è connesso
2025-12-05 17:16:03,829 - core.mpv_ctrl - ERROR - Errore nell'invio del comando a MPV: [Errno 107] Il socket di destinazione non è connesso
2025-12-05 17:16:03,862 - core.mpv_ctrl - ERROR - Errore nell'invio del comando a MPV: [Errno 107] Il socket di destinazione non è connesso
2025-12-05 17:16:03,896 - core.mpv_ctrl - ERROR - Errore nell'invio del comando a MPV: [Errno 107] Il socket di destinazione non è connesso
2025-12-05 17:16:03,930 - core.mpv_ctrl - ERROR - Errore nell'invio del comando a MPV: [Errno 107] Il socket di destinazione non è connesso
2025-12-05 17:16:03,964 - core.mpv_ctrl - ERROR - Errore nell'invio del comando a MPV: [Errno 107] Il socket di destinazione non è connesso
2025-12-05 17:16:03,998 - core.mpv_ctrl - ERROR - Errore nell'invio del comando a MPV: [Errno 107] Il socket di destinazione non è connesso
2025-12-05 17:16:04,031 - core.mpv_ctrl - ERROR - Errore nell'invio del comando a MPV: [Errno 107] Il socket di destinazione non è connesso
2025-12-05 17:16:04,064 - core.mpv_ctrl - ERROR - Errore nell'invio del comando a MPV: [Errno 107] Il socket di destinazione non è connesso
2025-12-05 17:16:04,097 - core.mpv_ctrl - ERROR - Errore nell'invio del comando a MPV: [Errno 107] Il socket di destinazione non è connesso
2025-12-05 17:16:04,130 - core.mpv_ctrl - ERROR - Errore nell'invio del comando a MPV: [Errno 107] Il socket di destinazione non è connesso
2025-12-05 17:16:04,164 - core.mpv_ctrl - ERROR - Errore nell'invio del comando a MPV: [Errno 107] Il socket di destinazione non è connesso
2025-12-05 17:16:04,198 - core.mpv_ctrl - ERROR - Errore nell'invio del comando a MPV: [Errno 107] Il socket di destinazione non è connesso
2025-12-05 17:16:04,231 - core.mpv_ctrl - ERROR - Errore nell'invio del comando a MPV: [Errno 107] Il socket di destinazione non è connesso
2025-12-05 17:16:04,264 - core.mpv_ctrl - ERROR - Errore nell'invio del comando a MPV: [Errno 107] Il socket di destinazione non è connesso
2025-12-05 17:16:04,298 - core.mpv_ctrl - ERROR - Errore nell'invio del comando a MPV: [Errno 107] Il socket di destinazione non è connesso
2025-12-05 17:16:04,333 - core.mpv_ctrl - ERROR - Errore nell'invio del comando a MPV: [Errno 107] Il socket di destinazione non è connesso
2025-12-05 17:16:04,367 - core.mpv_ctrl - ERROR - Errore nell'invio del comando a MPV: [Errno 107] Il socket di destinazione non è connesso
2025-12-05 17:16:04,401 - core.mpv_ctrl - ERROR - Errore nell'invio del comando a MPV: [Errno 107] Il socket di destinazione non è connesso
2025-12-05 17:16:04,434 - core.mpv_ctrl - ERROR - Errore nell'invio del comando a MPV: [Errno 107] Il socket di destinazione non è connesso
2025-12-05 17:16:04,467 - core.mpv_ctrl - ERROR - Errore nell'invio del comando a MPV: [Errno 107] Il socket di destinazione non è connesso
2025-12-05 17:16:04,501 - core.mpv_ctrl - ERROR - Errore nell'invio del comando a MPV: [Errno 107] Il socket di destinazione non è connesso
2025-12-05 17:16:04,535 - core.mpv_ctrl - ERROR - Errore nell'invio del comando a MPV: [Errno 107] Il socket di destinazione non è connesso
2025-12-05 17:16:04,568 - core.mpv_ctrl - ERROR - Errore nell'invio del comando a MPV: [Errno 107] Il socket di destinazione non è connesso
2025-12-05 17:16:04,602 - core.mpv_ctrl - ERROR - Errore nell'invio del comando a MPV: [Errno 107] Il socket di destinazione non è connesso
2025-12-05 17:16:04,636 - core.mpv_ctrl - ERROR - Errore nell'invio del comando a MPV: [Errno 107] Il socket di destinazione non è connesso
2025-12-05 17:16:04,669 - core.mpv_ctrl - ERROR - Errore nell'invio del comando a MPV: [Errno 107] Il socket di destinazione non è connesso
2025-12-05 17:16:04,703 - core.mpv_ctrl - ERROR - Errore nell'invio del comando a MPV: [Errno 107] Il socket di destinazione non è connesso
2025-12-05 17:16:04,737 - core.mpv_ctrl - ERROR - Errore nell'invio del comando a MPV: [Errno 107] Il socket di destinazione non è connesso
2025-12-05 17:16:04,770 - core.mpv_ctrl - ERROR - Errore nell'invio del comando a MPV: [Errno 107] Il socket di destinazione non è connesso
2025-12-05 17:16:04,803 - core.mpv_ctrl - ERROR - Errore nell'invio del comando a MPV: [Errno 107] Il socket di destinazione non è connesso
2025-12-05 17:16:04,836 - core.mpv_ctrl - ERROR - Errore nell'invio del comando a MPV: [Errno 107] Il socket di destinazione non è connesso
2025-12-05 17:16:04,870 - core.mpv_ctrl - ERROR - Errore nell'invio del comando a MPV: [Errno 107] Il socket di destinazione non è connesso
2025-12-05 17:16:04,903 - core.mpv_ctrl - ERROR - Errore nell'invio del comando a MPV: [Errno 107] Il socket di destinazione non è connesso
2025-12-05 17:16:04,936 - core.mpv_ctrl - ERROR - Errore nell'invio del comando a MPV: [Errno 107] Il socket di destinazione non è connesso
2025-12-05 17:16:04,969 - core.mpv_ctrl - ERROR - Errore nell'invio del comando a MPV: [Errno 107] Il socket di destinazione non è connesso
2025-12-05 17:16:05,003 - core.mpv_ctrl - ERROR - Errore nell'invio del comando a MPV: [Errno 107] Il socket di destinazione non è connesso
2025-12-05 17:16:05,036 - core.mpv_ctrl - ERROR - Errore nell'invio del comando a MPV: [Errno 107] Il socket di destinazione non è connesso
2025-12-05 17:16:05,070 - core.mpv_ctrl - ERROR - Errore nell'invio del comando a MPV: [Errno 107] Il socket di destinazione non è connesso
2025-12-05 17:16:05,103 - core.mpv_ctrl - ERROR - Errore nell'invio del comando a MPV: [Errno 107] Il socket di destinazione non è connesso
2025-12-05 17:16:05,136 - core.mpv_ctrl - ERROR - Errore nell'invio del comando a MPV: [Errno 107] Il socket di destinazione non è connesso
2025-12-05 17:16:05,170 - core.mpv_ctrl - ERROR - Errore nell'invio del comando a MPV: [Errno 107] Il socket di destinazione non è connesso
2025-12-05 17:16:05,203 - core.mpv_ctrl - ERROR - Errore nell'invio del comando a MPV: [Errno 107] Il socket di destinazione non è connesso
2025-12-05 17:16:05,237 - core.mpv_ctrl - ERROR - Errore nell'invio del comando a MPV: [Errno 107] Il socket di destinazione non è connesso
2025-12-05 17:16:05,270 - core.mpv_ctrl - ERROR - Errore nell'invio del comando a MPV: [Errno 107] Il socket di destinazione non è connesso
2025-12-05 17:16:05,303 - core.mpv_ctrl - ERROR - Errore nell'invio del comando a MPV: [Errno 107] Il socket di destinazione non è connesso
2025-12-05 17:16:05,336 - core.mpv_ctrl - ERROR - Errore nell'invio del comando a MPV: [Errno 107] Il socket di destinazione non è connesso
2025-12-05 17:16:05,370 - core.mpv_ctrl - ERROR - Errore nell'invio del comando a MPV: [Errno 107] Il socket di destinazione non è connesso
2025-12-05 17:16:05,404 - core.mpv_ctrl - ERROR - Errore nell'invio del comando a MPV: [Errno 107] Il socket di destinazione non è connesso
2025-12-05 17:16:05,438 - core.mpv_ctrl - ERROR - Errore nell'invio del comando a MPV: [Errno 107] Il socket di destinazione non è connesso
2025-12-05 17:16:05,471 - core.mpv_ctrl - ERROR - Errore nell'invio del comando a MPV: [Errno 107] Il socket di destinazione non è connesso
2025-12-05 17:16:05,506 - core.mpv_ctrl - ERROR - Errore nell'invio del comando a MPV: [Errno 107] Il socket di destinazione non è connesso
2025-12-05 17:16:05,539 - core.mpv_ctrl - ERROR - Errore nell'invio del comando a MPV: [Errno 107] Il socket di destinazione non è connesso
2025-12-05 17:16:05,573 - core.mpv_ctrl - ERROR - Errore nell'invio del comando a MPV: [Errno 107] Il socket di destinazione non è connesso
2025-12-05 17:16:05,607 - core.mpv_ctrl - ERROR - Errore nell'invio del comando a MPV: [Errno 107] Il socket di destinazione non è connesso
2025-12-05 17:16:05,641 - core.mpv_ctrl - ERROR - Errore nell'invio del comando a MPV: [Errno 107] Il socket di destinazione non è connesso
2025-12-05 17:16:05,675 - core.mpv_ctrl - ERROR - Errore nell'invio del comando a MPV: [Errno 107] Il socket di destinazione non è connesso
2025-12-05 17:16:05,708 - core.mpv_ctrl - ERROR - Errore nell'invio del comando a MPV: [Errno 107] Il socket di destinazione non è connesso
2025-12-05 17:16:05,742 - core.mpv_ctrl - ERROR - Errore nell'invio del comando a MPV: [Errno 107] Il socket di destinazione non è connesso
2025-12-05 17:16:05,775 - core.mpv_ctrl - ERROR - Errore nell'invio del comando a MPV: [Errno 107] Il socket di destinazione non è connesso
2025-12-05 17:16:05,809 - core.mpv_ctrl - ERROR - Errore nell'invio del comando a MPV: [Errno 107] Il socket di destinazione non è connesso
2025-12-05 17:16:05,843 - core.mpv_ctrl - ERROR - Errore nell'invio del comando a MPV: [Errno 107] Il socket di destinazione non è connesso
2025-12-05 17:16:05,876 - core.mpv_ctrl - ERROR - Errore nell'invio del comando a MPV: [Errno 107] Il socket di destinazione non è connesso
2025-12-05 17:16:05,909 - core.mpv_ctrl - ERROR - Errore nell'invio del comando a MPV: [Errno 107] Il socket di destinazione non è connesso
2025-12-05 17:16:05,943 - core.mpv_ctrl - ERROR - Errore nell'invio del comando a MPV: [Errno 107] Il socket di destinazione non è connesso
2025-12-05 17:16:05,976 - core.mpv_ctrl - ERROR - Errore nell'invio del comando a MPV: [Errno 107] Il socket di destinazione non è connesso
2025-12-05 17:16:06,009 - core.mpv_ctrl - ERROR - Errore nell'invio del comando a MPV: [Errno 107] Il socket di destinazione non è connesso
2025-12-05 17:16:06,043 - core.mpv_ctrl - ERROR - Errore nell'invio del comando a MPV: [Errno 107] Il socket di destinazione non è connesso
2025-12-05 17:16:06,076 - core.mpv_ctrl - ERROR - Errore nell'invio del comando a MPV: [Errno 107] Il socket di destinazione non è connesso
2025-12-05 17:16:06,109 - core.mpv_ctrl - ERROR - Errore nell'invio del comando a MPV: [Errno 107] Il socket di destinazione non è connesso
2025-12-05 17:16:06,142 - core.mpv_ctrl - ERROR - Errore nell'invio del comando a MPV: [Errno 107] Il socket di destinazione non è connesso
2025-12-05 17:16:06,176 - core.mpv_ctrl - ERROR - Errore nell'invio del comando a MPV: [Errno 107] Il socket di destinazione non è connesso
2025-12-05 17:16:06,209 - core.mpv_ctrl - ERROR - Errore nell'invio del comando a MPV: [Errno 107] Il socket di destinazione non è connesso
2025-12-05 17:16:06,242 - core.mpv_ctrl - ERROR - Errore nell'invio del comando a MPV: [Errno 107] Il socket di destinazione non è connesso
2025-12-05 17:16:06,276 - core.mpv_ctrl - ERROR - Errore nell'invio del comando a MPV: [Errno 107] Il socket di destinazione non è connesso
2025-12-05 17:16:06,309 - core.mpv_ctrl - ERROR - Errore nell'invio del comando a MPV: [Errno 107] Il socket di destinazione non è connesso
2025-12-05 17:16:06,342 - core.mpv_ctrl - ERROR - Errore nell'invio del comando a MPV: [Errno 107] Il socket di destinazione non è connesso
2025-12-05 17:16:06,375 - core.mpv_ctrl - ERROR - Errore nell'invio del comando a MPV: [Errno 107] Il socket di destinazione non è connesso
2025-12-05 17:16:06,408 - core.mpv_ctrl - ERROR - Errore nell'invio del comando a MPV: [Errno 107] Il socket di destinazione non è connesso
2025-12-05 17:16:06,442 - core.mpv_ctrl - ERROR - Errore nell'invio del comando a MPV: [Errno 107] Il socket di destinazione non è connesso
2025-12-05 17:16:06,475 - core.mpv_ctrl - ERROR - Errore nell'invio del comando a MPV: [Errno 107] Il socket di destinazione non è connesso
2025-12-05 17:16:06,509 - core.mpv_ctrl - ERROR - Errore nell'invio del comando a MPV: [Errno 107] Il socket di destinazione non è connesso
2025-12-05 17:16:06,542 - core.mpv_ctrl - ERROR - Errore nell'invio del comando a MPV: [Errno 107] Il socket di destinazione non è connesso
2025-12-05 17:16:06,575 - core.mpv_ctrl - ERROR - Errore nell'invio del comando a MPV: [Errno 107] Il socket di destinazione non è connesso
2025-12-05 17:16:06,609 - core.mpv_ctrl - ERROR - Errore nell'invio del comando a MPV: [Errno 107] Il socket di destinazione non è connesso
2025-12-05 17:16:06,642 - core.mpv_ctrl - ERROR - Errore nell'invio del comando a MPV: [Errno 107] Il socket di destinazione non è connesso
2025-12-05 17:16:06,675 - core.mpv_ctrl - ERROR - Errore nell'invio del comando a MPV: [Errno 107] Il socket di destinazione non è connesso
2025-12-05 17:16:06,709 - core.mpv_ctrl - ERROR - Errore nell'invio del comando a MPV: [Errno 107] Il socket di destinazione non è connesso
2025-12-05 17:16:06,742 - core.mpv_ctrl - ERROR - Errore nell'invio del comando a MPV: [Errno 107] Il socket di destinazione non è connesso
2025-12-05 17:16:06,775 - core.mpv_ctrl - ERROR - Errore nell'invio del comando a MPV: [Errno 107] Il socket di destinazione non è connesso
2025-12-05 17:16:06,809 - core.mpv_ctrl - ERROR - Errore nell'invio del comando a MPV: [Errno 107] Il socket di destinazione non è connesso
2025-12-05 17:16:06,842 - core.mpv_ctrl - ERROR - Errore nell'invio del comando a MPV: [Errno 107] Il socket di destinazione non è connesso
2025-12-05 17:16:06,875 - core.mpv_ctrl - ERROR - Errore nell'invio del comando a MPV: [Errno 107] Il socket di destinazione non è connesso
2025-12-05 17:16:06,909 - core.mpv_ctrl - ERROR - Errore nell'invio del comando a MPV: [Errno 107] Il socket di destinazione non è connesso
2025-12-05 17:16:06,942 - core.mpv_ctrl - ERROR - Errore nell'invio del comando a MPV: [Errno 107] Il socket di destinazione non è connesso
2025-12-05 17:16:06,975 - core.mpv_ctrl - ERROR - Errore nell'invio del comando a MPV: [Errno 107] Il socket di destinazione non è connesso
2025-12-05 17:16:07,008 - core.mpv_ctrl - ERROR - Errore nell'invio del comando a MPV: [Errno 107] Il socket di destinazione non è connesso
2025-12-05 17:16:07,042 - core.mpv_ctrl - ERROR - Errore nell'invio del comando a MPV: [Errno 107] Il socket di destinazione non è connesso
2025-12-05 17:16:07,076 - core.mpv_ctrl - ERROR - Errore nell'invio del comando a MPV: [Errno 107] Il socket di destinazione non è connesso
2025-12-05 17:16:07,109 - core.mpv_ctrl - ERROR - Errore nell'invio del comando a MPV: [Errno 107] Il socket di destinazione non è connesso
2025-12-05 17:16:07,143 - core.mpv_ctrl - ERROR - Errore nell'invio del comando a MPV: [Errno 107] Il socket di destinazione non è connesso
2025-12-05 17:16:07,176 - core.mpv_ctrl - ERROR - Errore nell'invio del comando a MPV: [Errno 107] Il socket di destinazione non è connesso
2025-12-05 17:16:07,209 - core.mpv_ctrl - ERROR - Errore nell'invio del comando a MPV: [Errno 107] Il socket di destinazione non è connesso
2025-12-05 17:16:07,242 - core.mpv_ctrl - ERROR - Errore nell'invio del comando a MPV: [Errno 107] Il socket di destinazione non è connesso
2025-12-05 17:16:07,277 - core.mpv_ctrl - ERROR - Errore nell'invio del comando a MPV: [Errno 107] Il socket di destinazione non è connesso
2025-12-05 17:16:07,310 - core.mpv_ctrl - ERROR - Errore nell'invio del comando a MPV: [Errno 107] Il socket di destinazione non è connesso
2025-12-05 17:16:07,343 - core.mpv_ctrl - ERROR - Errore nell'invio del comando a MPV: [Errno 107] Il socket di destinazione non è connesso
2025-12-05 17:16:07,377 - core.mpv_ctrl - ERROR - Errore nell'invio del comando a MPV: [Errno 107] Il socket di destinazione non è connesso
2025-12-05 17:16:07,410 - core.mpv_ctrl - ERROR - Errore nell'invio del comando a MPV: [Errno 107] Il socket di destinazione non è connesso
2025-12-05 17:16:07,443 - core.mpv_ctrl - ERROR - Errore nell'invio del comando a MPV: [Errno 107] Il socket di destinazione non è connesso
2025-12-05 17:16:07,477 - core.mpv_ctrl - ERROR - Errore nell'invio del comando a MPV: [Errno 107] Il socket di destinazione non è connesso
2025-12-05 17:16:07,510 - core.mpv_ctrl - ERROR - Errore nell'invio del comando a MPV: [Errno 107] Il socket di destinazione non è connesso
2025-12-05 17:16:07,543 - core.mpv_ctrl - ERROR - Errore nell'invio del comando a MPV: [Errno 107] Il socket di destinazione non è connesso
2025-12-05 17:16:07,576 - core.mpv_ctrl - ERROR - Errore nell'invio del comando a MPV: [Errno 107] Il socket di destinazione non è connesso
2025-12-05 17:16:07,610 - core.mpv_ctrl - ERROR - Errore nell'invio del comando a MPV: [Errno 107] Il socket di destinazione non è connesso
2025-12-05 17:16:07,643 - core.mpv_ctrl - ERROR - Errore nell'invio del comando a MPV: [Errno 107] Il socket di destinazione non è connesso
2025-12-05 17:16:07,677 - core.mpv_ctrl - ERROR - Errore nell'invio del comando a MPV: [Errno 107] Il socket di destinazione non è connesso
2025-12-05 17:16:07,710 - core.mpv_ctrl - ERROR - Errore nell'invio del comando a MPV: [Errno 107] Il socket di destinazione non è connesso
2025-12-05 17:16:07,743 - core.mpv_ctrl - ERROR - Errore nell'invio del comando a MPV: [Errno 107] Il socket di destinazione non è connesso
2025-12-05 17:16:07,777 - core.mpv_ctrl - ERROR - Errore nell'invio del comando a MPV: [Errno 107] Il socket di destinazione non è connesso
2025-12-05 17:16:07,810 - core.mpv_ctrl - ERROR - Errore nell'invio del comando a MPV: [Errno 107] Il socket di destinazione non è connesso
2025-12-05 17:16:07,844 - core.mpv_ctrl - ERROR - Errore nell'invio del comando a MPV: [Errno 107] Il socket di destinazione non è connesso
2025-12-05 17:16:07,877 - core.mpv_ctrl - ERROR - Errore nell'invio del comando a MPV: [Errno 107] Il socket di destinazione non è connesso
2025-12-05 17:16:07,911 - core.mpv_ctrl - ERROR - Errore nell'invio del comando a MPV: [Errno 107] Il socket di destinazione non è connesso
2025-12-05 17:16:07,944 - core.mpv_ctrl - ERROR - Errore nell'invio del comando a MPV: [Errno 107] Il socket di destinazione non è connesso
2025-12-05 17:16:07,979 - core.mpv_ctrl - ERROR - Errore nell'invio del comando a MPV: [Errno 107] Il socket di destinazione non è connesso
2025-12-05 17:16:08,013 - core.mpv_ctrl - ERROR - Errore nell'invio del comando a MPV: [Errno 107] Il socket di destinazione non è connesso
2025-12-05 17:16:08,046 - core.mpv_ctrl - ERROR - Errore nell'invio del comando a MPV: [Errno 107] Il socket di destinazione non è connesso
2025-12-05 17:16:08,080 - core.mpv_ctrl - ERROR - Errore nell'invio del comando a MPV: [Errno 107] Il socket di destinazione non è connesso
2025-12-05 17:16:08,114 - core.mpv_ctrl - ERROR - Errore nell'invio del comando a MPV: [Errno 107] Il socket di destinazione non è connesso
2025-12-05 17:16:08,147 - core.mpv_ctrl - ERROR - Errore nell'invio del comando a MPV: [Errno 107] Il socket di destinazione non è connesso
2025-12-05 17:16:08,181 - core.mpv_ctrl - ERROR - Errore nell'invio del comando a MPV: [Errno 107] Il socket di destinazione non è connesso
2025-12-05 17:16:08,215 - core.mpv_ctrl - ERROR - Errore nell'invio del comando a MPV: [Errno 107] Il socket di destinazione non è connesso
2025-12-05 17:16:08,248 - core.mpv_ctrl - ERROR - Errore nell'invio del comando a MPV: [Errno 107] Il socket di destinazione non è connesso
2025-12-05 17:16:08,282 - core.mpv_ctrl - ERROR - Errore nell'invio del comando a MPV: [Errno 107] Il socket di destinazione non è connesso
2025-12-05 17:16:08,315 - core.mpv_ctrl - ERROR - Errore nell'invio del comando a MPV: [Errno 107] Il socket di destinazione non è connesso
2025-12-05 17:16:08,348 - core.mpv_ctrl - ERROR - Errore nell'invio del comando a MPV: [Errno 107] Il socket di destinazione non è connesso
2025-12-05 17:16:08,382 - core.mpv_ctrl - ERROR - Errore nell'invio del comando a MPV: [Errno 107] Il socket di destinazione non è connesso
2025-12-05 17:16:08,415 - core.mpv_ctrl - ERROR - Errore nell'invio del comando a MPV: [Errno 107] Il socket di destinazione non è connesso
2025-12-05 17:16:08,448 - core.mpv_ctrl - ERROR - Errore nell'invio del comando a MPV: [Errno 107] Il socket di destinazione non è connesso
2025-12-05 17:16:08,482 - core.mpv_ctrl - ERROR - Errore nell'invio del comando a MPV: [Errno 107] Il socket di destinazione non è connesso
2025-12-05 17:16:08,515 - core.mpv_ctrl - ERROR - Errore nell'invio del comando a MPV: [Errno 107] Il socket di destinazione non è connesso
2025-12-05 17:16:08,548 - core.mpv_ctrl - ERROR - Errore nell'invio del comando a MPV: [Errno 107] Il socket di destinazione non è connesso
2025-12-05 17:16:08,582 - core.mpv_ctrl - ERROR - Errore nell'invio del comando a MPV: [Errno 107] Il socket di destinazione non è connesso
2025-12-05 17:16:08,615 - core.mpv_ctrl - ERROR - Errore nell'invio del comando a MPV: [Errno 107] Il socket di destinazione non è connesso
2025-12-05 17:16:08,649 - core.mpv_ctrl - ERROR - Errore nell'invio del comando a MPV: [Errno 107] Il socket di destinazione non è connesso
2025-12-05 17:16:08,682 - core.mpv_ctrl - ERROR - Errore nell'invio del comando a MPV: [Errno 107] Il socket di destinazione non è connesso
2025-12-05 17:16:08,716 - core.mpv_ctrl - ERROR - Errore nell'invio del comando a MPV: [Errno 107] Il socket di destinazione non è connesso
2025-12-05 17:16:08,749 - core.mpv_ctrl - ERROR - Errore nell'invio del comando a MPV: [Errno 107] Il socket di destinazione non è connesso
2025-12-05 17:16:08,782 - core.mpv_ctrl - ERROR - Errore nell'invio del comando a MPV: [Errno 107] Il socket di destinazione non è connesso
2025-12-05 17:16:08,816 - core.mpv_ctrl - ERROR - Errore nell'invio del comando a MPV: [Errno 107] Il socket di destinazione non è connesso
2025-12-05 17:16:08,849 - core.mpv_ctrl - ERROR - Errore nell'invio del comando a MPV: [Errno 107] Il socket di destinazione non è connesso
2025-12-05 17:16:08,882 - core.mpv_ctrl - ERROR - Errore nell'invio del comando a MPV: [Errno 107] Il socket di destinazione non è connesso
2025-12-05 17:16:08,915 - core.mpv_ctrl - ERROR - Errore nell'invio del comando a MPV: [Errno 107] Il socket di destinazione non è connesso
2025-12-05 17:16:08,949 - core.mpv_ctrl - ERROR - Errore nell'invio del comando a MPV: [Errno 107] Il socket di destinazione non è connesso
2025-12-05 17:16:08,982 - core.mpv_ctrl - ERROR - Errore nell'invio del comando a MPV: [Errno 107] Il socket di destinazione non è connesso
2025-12-05 17:16:09,016 - core.mpv_ctrl - ERROR - Errore nell'invio del comando a MPV: [Errno 107] Il socket di destinazione non è connesso
2025-12-05 17:16:09,050 - core.mpv_ctrl - ERROR - Errore nell'invio del comando a MPV: [Errno 107] Il socket di destinazione non è connesso
2025-12-05 17:16:09,084 - core.mpv_ctrl - ERROR - Errore nell'invio del comando a MPV: [Errno 107] Il socket di destinazione non è connesso
2025-12-05 17:16:09,118 - core.mpv_ctrl - ERROR - Errore nell'invio del comando a MPV: [Errno 107] Il socket di destinazione non è connesso
2025-12-05 17:16:09,152 - core.mpv_ctrl - ERROR - Errore nell'invio del comando a MPV: [Errno 107] Il socket di destinazione non è connesso
2025-12-05 17:16:09,186 - core.mpv_ctrl - ERROR - Errore nell'invio del comando a MPV: [Errno 107] Il socket di destinazione non è connesso
2025-12-05 17:16:09,219 - core.mpv_ctrl - ERROR - Errore nell'invio del comando a MPV: [Errno 107] Il socket di destinazione non è connesso
2025-12-05 17:16:09,253 - core.mpv_ctrl - ERROR - Errore nell'invio del comando a MPV: [Errno 107] Il socket di destinazione non è connesso
2025-12-05 17:16:09,287 - core.mpv_ctrl - ERROR - Errore nell'invio del comando a MPV: [Errno 107] Il socket di destinazione non è connesso
2025-12-05 17:16:09,321 - core.mpv_ctrl - ERROR - Errore nell'invio del comando a MPV: [Errno 107] Il socket di destinazione non è connesso
2025-12-05 17:16:09,354 - core.mpv_ctrl - ERROR - Errore nell'invio del comando a MPV: [Errno 107] Il socket di destinazione non è connesso
2025-12-05 17:16:09,388 - core.mpv_ctrl - ERROR - Errore nell'invio del comando a MPV: [Errno 107] Il socket di destinazione non è connesso
2025-12-05 17:16:09,422 - core.mpv_ctrl - ERROR - Errore nell'invio del comando a MPV: [Errno 107] Il socket di destinazione non è connesso
2025-12-05 17:16:09,455 - core.mpv_ctrl - ERROR - Errore nell'invio del comando a MPV: [Errno 107] Il socket di destinazione non è connesso
2025-12-05 17:16:09,489 - core.mpv_ctrl - ERROR - Errore nell'invio del comando a MPV: [Errno 107] Il socket di destinazione non è connesso
2025-12-05 17:16:09,523 - core.mpv_ctrl - ERROR - Errore nell'invio del comando a MPV: [Errno 107] Il socket di destinazione non è connesso
2025-12-05 17:16:09,556 - core.mpv_ctrl - ERROR - Errore nell'invio del comando a MPV: [Errno 107] Il socket di destinazione non è connesso
2025-12-05 17:16:09,589 - core.mpv_ctrl - ERROR - Errore nell'invio del comando a MPV: [Errno 107] Il socket di destinazione non è connesso
2025-12-05 17:16:09,623 - core.mpv_ctrl - ERROR - Errore nell'invio del comando a MPV: [Errno 107] Il socket di destinazione non è connesso
2025-12-05 17:16:09,656 - core.mpv_ctrl - ERROR - Errore nell'invio del comando a MPV: [Errno 107] Il socket di destinazione non è connesso
2025-12-05 17:16:09,690 - core.mpv_ctrl - ERROR - Errore nell'invio del comando a MPV: [Errno 107] Il socket di destinazione non è connesso
2025-12-05 17:16:09,724 - core.mpv_ctrl - ERROR - Errore nell'invio del comando a MPV: [Errno 107] Il socket di destinazione non è connesso
2025-12-05 17:16:09,758 - core.mpv_ctrl - ERROR - Errore nell'invio del comando a MPV: [Errno 107] Il socket di destinazione non è connesso
2025-12-05 17:16:09,791 - core.mpv_ctrl - ERROR - Errore nell'invio del comando a MPV: [Errno 107] Il socket di destinazione non è connesso
2025-12-05 17:16:09,825 - core.mpv_ctrl - ERROR - Errore nell'invio del comando a MPV: [Errno 107] Il socket di destinazione non è connesso
2025-12-05 17:16:09,859 - core.mpv_ctrl - ERROR - Errore nell'invio del comando a MPV: [Errno 107] Il socket di destinazione non è connesso
2025-12-05 17:16:09,894 - core.mpv_ctrl - ERROR - Errore nell'invio del comando a MPV: [Errno 107] Il socket di destinazione non è connesso
2025-12-05 17:16:09,927 - core.mpv_ctrl - ERROR - Errore nell'invio del comando a MPV: [Errno 107] Il socket di destinazione non è connesso
2025-12-05 17:16:09,961 - core.mpv_ctrl - ERROR - Errore nell'invio del comando a MPV: [Errno 107] Il socket di destinazione non è connesso
2025-12-05 17:16:09,995 - core.mpv_ctrl - ERROR - Errore nell'invio del comando a MPV: [Errno 107] Il socket di destinazione non è connesso
2025-12-05 17:16:10,028 - core.mpv_ctrl - ERROR - Errore nell'invio del comando a MPV: [Errno 107] Il socket di destinazione non è connesso
2025-12-05 17:16:10,062 - core.mpv_ctrl - ERROR - Errore nell'invio del comando a MPV: [Errno 107] Il socket di destinazione non è connesso
2025-12-05 17:16:10,096 - core.mpv_ctrl - ERROR - Errore nell'invio del comando a MPV: [Errno 107] Il socket di destinazione non è connesso
2025-12-05 17:16:10,132 - core.mpv_ctrl - ERROR - Errore nell'invio del comando a MPV: [Errno 107] Il socket di destinazione non è connesso
2025-12-05 17:16:10,165 - core.mpv_ctrl - ERROR - Errore nell'invio del comando a MPV: [Errno 107] Il socket di destinazione non è connesso
2025-12-05 17:16:10,199 - core.mpv_ctrl - ERROR - Errore nell'invio del comando a MPV: [Errno 107] Il socket di destinazione non è connesso
2025-12-05 17:16:10,234 - core.mpv_ctrl - ERROR - Errore nell'invio del comando a MPV: [Errno 107] Il socket di destinazione non è connesso
2025-12-05 17:16:10,267 - core.mpv_ctrl - ERROR - Errore nell'invio del comando a MPV: [Errno 107] Il socket di destinazione non è connesso
2025-12-05 17:16:10,302 - core.mpv_ctrl - ERROR - Errore nell'invio del comando a MPV: [Errno 107] Il socket di destinazione non è connesso
2025-12-05 17:16:10,336 - core.mpv_ctrl - ERROR - Errore nell'invio del comando a MPV: [Errno 107] Il socket di destinazione non è connesso
2025-12-05 17:16:10,370 - core.mpv_ctrl - ERROR - Errore nell'invio del comando a MPV: [Errno 107] Il socket di destinazione non è connesso
2025-12-05 17:16:10,403 - core.mpv_ctrl - ERROR - Errore nell'invio del comando a MPV: [Errno 107] Il socket di destinazione non è connesso
2025-12-05 17:16:10,437 - core.mpv_ctrl - ERROR - Errore nell'invio del comando a MPV: [Errno 107] Il socket di destinazione non è connesso
2025-12-05 17:16:10,472 - core.mpv_ctrl - ERROR - Errore nell'invio del comando a MPV: [Errno 107] Il socket di destinazione non è connesso
2025-12-05 17:16:10,505 - core.mpv_ctrl - ERROR - Errore nell'invio del comando a MPV: [Errno 107] Il socket di destinazione non è connesso
2025-12-05 17:16:10,539 - core.mpv_ctrl - ERROR - Errore nell'invio del comando a MPV: [Errno 107] Il socket di destinazione non è connesso
2025-12-05 17:16:10,573 - core.mpv_ctrl - ERROR - Errore nell'invio del comando a MPV: [Errno 107] Il socket di destinazione non è connesso
2025-12-05 17:16:10,607 - core.mpv_ctrl - ERROR - Errore nell'invio del comando a MPV: [Errno 107] Il socket di destinazione non è connesso
2025-12-05 17:16:10,646 - core.mpv_ctrl - ERROR - Errore nell'invio del comando a MPV: [Errno 107] Il socket di destinazione non è connesso
2025-12-05 17:16:10,679 - core.mpv_ctrl - ERROR - Errore nell'invio del comando a MPV: [Errno 107] Il socket di destinazione non è connesso
2025-12-05 17:16:10,713 - core.mpv_ctrl - ERROR - Errore nell'invio del comando a MPV: [Errno 107] Il socket di destinazione non è connesso
2025-12-05 17:16:10,749 - core.mpv_ctrl - ERROR - Errore nell'invio del comando a MPV: [Errno 107] Il socket di destinazione non è connesso
2025-12-05 17:16:10,783 - core.mpv_ctrl - ERROR - Errore nell'invio del comando a MPV: [Errno 107] Il socket di destinazione non è connesso
2025-12-05 17:16:10,816 - core.mpv_ctrl - ERROR - Errore nell'invio del comando a MPV: [Errno 107] Il socket di destinazione non è connesso
2025-12-05 17:16:10,851 - core.mpv_ctrl - ERROR - Errore nell'invio del comando a MPV: [Errno 107] Il socket di destinazione non è connesso
2025-12-05 17:16:10,887 - core.mpv_ctrl - ERROR - Errore nell'invio del comando a MPV: [Errno 107] Il socket di destinazione non è connesso
2025-12-05 17:16:10,920 - core.mpv_ctrl - ERROR - Errore nell'invio del comando a MPV: [Errno 107] Il socket di destinazione non è connesso
2025-12-05 17:16:10,954 - core.mpv_ctrl - ERROR - Errore nell'invio del comando a MPV: [Errno 107] Il socket di destinazione non è connesso
2025-12-05 17:16:10,989 - core.mpv_ctrl - ERROR - Errore nell'invio del comando a MPV: [Errno 107] Il socket di destinazione non è connesso
2025-12-05 17:16:11,025 - core.mpv_ctrl - ERROR - Errore nell'invio del comando a MPV: [Errno 107] Il socket di destinazione non è connesso
2025-12-05 17:16:11,063 - core.mpv_ctrl - ERROR - Errore nell'invio del comando a MPV: [Errno 107] Il socket di destinazione non è connesso
2025-12-05 17:16:11,095 - core.mpv_ctrl - ERROR - Errore nell'invio del comando a MPV: [Errno 107] Il socket di destinazione non è connesso
2025-12-05 17:16:11,129 - core.mpv_ctrl - ERROR - Errore nell'invio del comando a MPV: [Errno 107] Il socket di destinazione non è connesso
2025-12-05 17:16:11,163 - core.mpv_ctrl - ERROR - Errore nell'invio del comando a MPV: [Errno 107] Il socket di destinazione non è connesso
2025-12-05 17:16:11,196 - core.mpv_ctrl - ERROR - Errore nell'invio del comando a MPV: [Errno 107] Il socket di destinazione non è connesso
2025-12-05 17:16:11,230 - core.mpv_ctrl - ERROR - Errore nell'invio del comando a MPV: [Errno 107] Il socket di destinazione non è connesso
2025-12-05 17:16:11,265 - core.mpv_ctrl - ERROR - Errore nell'invio del comando a MPV: [Errno 107] Il socket di destinazione non è connesso
2025-12-05 17:16:11,300 - core.mpv_ctrl - ERROR - Errore nell'invio del comando a MPV: [Errno 107] Il socket di destinazione non è connesso
2025-12-05 17:16:11,334 - core.mpv_ctrl - ERROR - Errore nell'invio del comando a MPV: [Errno 107] Il socket di destinazione non è connesso
2025-12-05 17:16:11,368 - core.mpv_ctrl - ERROR - Errore nell'invio del comando a MPV: [Errno 107] Il socket di destinazione non è connesso
2025-12-05 17:16:11,401 - core.mpv_ctrl - ERROR - Errore nell'invio del comando a MPV: [Errno 107] Il socket di destinazione non è connesso
2025-12-05 17:16:11,435 - core.mpv_ctrl - ERROR - Errore nell'invio del comando a MPV: [Errno 107] Il socket di destinazione non è connesso
2025-12-05 17:16:11,468 - core.mpv_ctrl - ERROR - Errore nell'invio del comando a MPV: [Errno 107] Il socket di destinazione non è connesso
2025-12-05 17:16:11,502 - core.mpv_ctrl - ERROR - Errore nell'invio del comando a MPV: [Errno 107] Il socket di destinazione non è connesso
2025-12-05 17:16:11,536 - core.mpv_ctrl - ERROR - Errore nell'invio del comando a MPV: [Errno 107] Il socket di destinazione non è connesso
2025-12-05 17:16:11,569 - core.mpv_ctrl - ERROR - Errore nell'invio del comando a MPV: [Errno 107] Il socket di destinazione non è connesso
2025-12-05 17:16:11,602 - core.mpv_ctrl - ERROR - Errore nell'invio del comando a MPV: [Errno 107] Il socket di destinazione non è connesso
2025-12-05 17:16:11,635 - core.mpv_ctrl - ERROR - Errore nell'invio del comando a MPV: [Errno 107] Il socket di destinazione non è connesso
2025-12-05 17:16:11,669 - core.mpv_ctrl - ERROR - Errore nell'invio del comando a MPV: [Errno 107] Il socket di destinazione non è connesso
2025-12-05 17:16:11,702 - core.mpv_ctrl - ERROR - Errore nell'invio del comando a MPV: [Errno 107] Il socket di destinazione non è connesso
2025-12-05 17:16:11,736 - core.mpv_ctrl - ERROR - Errore nell'invio del comando a MPV: [Errno 107] Il socket di destinazione non è connesso
2025-12-05 17:16:11,769 - core.mpv_ctrl - ERROR - Errore nell'invio del comando a MPV: [Errno 107] Il socket di destinazione non è connesso
2025-12-05 17:16:11,802 - core.mpv_ctrl - ERROR - Errore nell'invio del comando a MPV: [Errno 107] Il socket di destinazione non è connesso
2025-12-05 17:16:11,836 - core.mpv_ctrl - ERROR - Errore nell'invio del comando a MPV: [Errno 107] Il socket di destinazione non è connesso
2025-12-05 17:16:11,869 - core.mpv_ctrl - ERROR - Errore nell'invio del comando a MPV: [Errno 107] Il socket di destinazione non è connesso
2025-12-05 17:16:11,902 - core.mpv_ctrl - ERROR - Errore nell'invio del comando a MPV: [Errno 107] Il socket di destinazione non è connesso
2025-12-05 17:16:11,936 - core.mpv_ctrl - ERROR - Errore nell'invio del comando a MPV: [Errno 107] Il socket di destinazione non è connesso
2025-12-05 17:16:11,970 - core.mpv_ctrl - ERROR - Errore nell'invio del comando a MPV: [Errno 107] Il socket di destinazione non è connesso
2025-12-05 17:16:12,004 - core.mpv_ctrl - ERROR - Errore nell'invio del comando a MPV: [Errno 107] Il socket di destinazione non è connesso
2025-12-05 17:16:12,037 - core.mpv_ctrl - ERROR - Errore nell'invio del comando a MPV: [Errno 107] Il socket di destinazione non è connesso
2025-12-05 17:16:12,071 - core.mpv_ctrl - ERROR - Errore nell'invio del comando a MPV: [Errno 107] Il socket di destinazione non è connesso
2025-12-05 17:16:12,105 - core.mpv_ctrl - ERROR - Errore nell'invio del comando a MPV: [Errno 107] Il socket di destinazione non è connesso
2025-12-05 17:16:12,139 - core.mpv_ctrl - ERROR - Errore nell'invio del comando a MPV: [Errno 107] Il socket di destinazione non è connesso
2025-12-05 17:16:12,173 - core.mpv_ctrl - ERROR - Errore nell'invio del comando a MPV: [Errno 107] Il socket di destinazione non è connesso
2025-12-05 17:16:12,206 - core.mpv_ctrl - ERROR - Errore nell'invio del comando a MPV: [Errno 107] Il socket di destinazione non è connesso
2025-12-05 17:16:12,239 - core.mpv_ctrl - ERROR - Errore nell'invio del comando a MPV: [Errno 107] Il socket di destinazione non è connesso
2025-12-05 17:16:12,273 - core.mpv_ctrl - ERROR - Errore nell'invio del comando a MPV: [Errno 107] Il socket di destinazione non è connesso
2025-12-05 17:16:12,306 - core.mpv_ctrl - ERROR - Errore nell'invio del comando a MPV: [Errno 107] Il socket di destinazione non è connesso
2025-12-05 17:16:12,340 - core.mpv_ctrl - ERROR - Errore nell'invio del comando a MPV: [Errno 107] Il socket di destinazione non è connesso
2025-12-05 17:16:12,374 - core.mpv_ctrl - ERROR - Errore nell'invio del comando a MPV: [Errno 107] Il socket di destinazione non è connesso
2025-12-05 17:16:12,407 - core.mpv_ctrl - ERROR - Errore nell'invio del comando a MPV: [Errno 107] Il socket di destinazione non è connesso
2025-12-05 17:16:12,440 - core.mpv_ctrl - ERROR - Errore nell'invio del comando a MPV: [Errno 107] Il socket di destinazione non è connesso
2025-12-05 17:16:12,473 - core.mpv_ctrl - ERROR - Errore nell'invio del comando a MPV: [Errno 107] Il socket di destinazione non è connesso
2025-12-05 17:16:12,507 - core.mpv_ctrl - ERROR - Errore nell'invio del comando a MPV: [Errno 107] Il socket di destinazione non è connesso
2025-12-05 17:16:12,540 - core.mpv_ctrl - ERROR - Errore nell'invio del comando a MPV: [Errno 107] Il socket di destinazione non è connesso
2025-12-05 17:16:12,574 - core.mpv_ctrl - ERROR - Errore nell'invio del comando a MPV: [Errno 107] Il socket di destinazione non è connesso
2025-12-05 17:16:12,607 - core.mpv_ctrl - ERROR - Errore nell'invio del comando a MPV: [Errno 107] Il socket di destinazione non è connesso
2025-12-05 17:16:12,641 - core.mpv_ctrl - ERROR - Errore nell'invio del comando a MPV: [Errno 107] Il socket di destinazione non è connesso
2025-12-05 17:16:12,674 - core.mpv_ctrl - ERROR - Errore nell'invio del comando a MPV: [Errno 107] Il socket di destinazione non è connesso
2025-12-05 17:16:12,707 - core.mpv_ctrl - ERROR - Errore nell'invio del comando a MPV: [Errno 107] Il socket di destinazione non è connesso
2025-12-05 17:16:12,741 - core.mpv_ctrl - ERROR - Errore nell'invio del comando a MPV: [Errno 107] Il socket di destinazione non è connesso
2025-12-05 17:16:12,774 - core.mpv_ctrl - ERROR - Errore nell'invio del comando a MPV: [Errno 107] Il socket di destinazione non è connesso
2025-12-05 17:16:12,807 - core.mpv_ctrl - ERROR - Errore nell'invio del comando a MPV: [Errno 107] Il socket di destinazione non è connesso
2025-12-05 17:16:12,841 - core.mpv_ctrl - ERROR - Errore nell'invio del comando a MPV: [Errno 107] Il socket di destinazione non è connesso
2025-12-05 17:16:12,876 - core.mpv_ctrl - ERROR - Errore nell'invio del comando a MPV: [Errno 107] Il socket di destinazione non è connesso
2025-12-05 17:16:12,910 - core.mpv_ctrl - ERROR - Errore nell'invio del comando a MPV: [Errno 107] Il socket di destinazione non è connesso
2025-12-05 17:16:12,944 - core.mpv_ctrl - ERROR - Errore nell'invio del comando a MPV: [Errno 107] Il socket di destinazione non è connesso
2025-12-05 17:16:12,978 - core.mpv_ctrl - ERROR - Errore nell'invio del comando a MPV: [Errno 107] Il socket di destinazione non è connesso
2025-12-05 17:16:13,012 - core.mpv_ctrl - ERROR - Errore nell'invio del comando a MPV: [Errno 107] Il socket di destinazione non è connesso
2025-12-05 17:16:13,046 - core.mpv_ctrl - ERROR - Errore nell'invio del comando a MPV: [Errno 107] Il socket di destinazione non è connesso
2025-12-05 17:16:13,080 - core.mpv_ctrl - ERROR - Errore nell'invio del comando a MPV: [Errno 107] Il socket di destinazione non è connesso
2025-12-05 17:16:13,113 - core.mpv_ctrl - ERROR - Errore nell'invio del comando a MPV: [Errno 107] Il socket di destinazione non è connesso
2025-12-05 17:16:13,146 - core.mpv_ctrl - ERROR - Errore nell'invio del comando a MPV: [Errno 107] Il socket di destinazione non è connesso
2025-12-05 17:16:13,180 - core.mpv_ctrl - ERROR - Errore nell'invio del comando a MPV: [Errno 107] Il socket di destinazione non è connesso
2025-12-05 17:16:13,214 - core.mpv_ctrl - ERROR - Errore nell'invio del comando a MPV: [Errno 107] Il socket di destinazione non è connesso
2025-12-05 17:16:13,248 - core.mpv_ctrl - ERROR - Errore nell'invio del comando a MPV: [Errno 107] Il socket di destinazione non è connesso
2025-12-05 17:16:13,281 - core.mpv_ctrl - ERROR - Errore nell'invio del comando a MPV: [Errno 107] Il socket di destinazione non è connesso
2025-12-05 17:16:13,315 - core.mpv_ctrl - ERROR - Errore nell'invio del comando a MPV: [Errno 107] Il socket di destinazione non è connesso
2025-12-05 17:16:13,349 - core.mpv_ctrl - ERROR - Errore nell'invio del comando a MPV: [Errno 107] Il socket di destinazione non è connesso
2025-12-05 17:16:13,382 - core.mpv_ctrl - ERROR - Errore nell'invio del comando a MPV: [Errno 107] Il socket di destinazione non è connesso
2025-12-05 17:16:13,415 - core.mpv_ctrl - ERROR - Errore nell'invio del comando a MPV: [Errno 107] Il socket di destinazione non è connesso
2025-12-05 17:16:13,449 - core.mpv_ctrl - ERROR - Errore nell'invio del comando a MPV: [Errno 107] Il socket di destinazione non è connesso
2025-12-05 17:16:13,483 - core.mpv_ctrl - ERROR - Errore nell'invio del comando a MPV: [Errno 107] Il socket di destinazione non è connesso
2025-12-05 17:16:13,517 - core.mpv_ctrl - ERROR - Errore nell'invio del comando a MPV: [Errno 107] Il socket di destinazione non è connesso
2025-12-05 17:16:13,553 - core.mpv_ctrl - ERROR - Errore nell'invio del comando a MPV: [Errno 107] Il socket di destinazione non è connesso
2025-12-05 17:16:13,586 - core.mpv_ctrl - ERROR - Errore nell'invio del comando a MPV: [Errno 107] Il socket di destinazione non è connesso
2025-12-05 17:16:13,621 - core.mpv_ctrl - ERROR - Errore nell'invio del comando a MPV: [Errno 107] Il socket di destinazione non è connesso
2025-12-05 17:16:13,654 - core.mpv_ctrl - ERROR - Errore nell'invio del comando a MPV: [Errno 107] Il socket di destinazione non è connesso
2025-12-05 17:16:13,688 - core.mpv_ctrl - ERROR - Errore nell'invio del comando a MPV: [Errno 107] Il socket di destinazione non è connesso
2025-12-05 17:16:13,722 - core.mpv_ctrl - ERROR - Errore nell'invio del comando a MPV: [Errno 107] Il socket di destinazione non è connesso
2025-12-05 17:16:13,755 - core.mpv_ctrl - ERROR - Errore nell'invio del comando a MPV: [Errno 107] Il socket di destinazione non è connesso
2025-12-05 17:16:13,788 - core.mpv_ctrl - ERROR - Errore nell'invio del comando a MPV: [Errno 107] Il socket di destinazione non è connesso
2025-12-05 17:16:13,822 - core.mpv_ctrl - ERROR - Errore nell'invio del comando a MPV: [Errno 107] Il socket di destinazione non è connesso
2025-12-05 17:16:13,855 - core.mpv_ctrl - ERROR - Errore nell'invio del comando a MPV: [Errno 107] Il socket di destinazione non è connesso
2025-12-05 17:16:13,889 - core.mpv_ctrl - ERROR - Errore nell'invio del comando a MPV: [Errno 107] Il socket di destinazione non è connesso
2025-12-05 17:16:13,923 - core.mpv_ctrl - ERROR - Errore nell'invio del comando a MPV: [Errno 107] Il socket di destinazione non è connesso
2025-12-05 17:16:13,956 - core.mpv_ctrl - ERROR - Errore nell'invio del comando a MPV: [Errno 107] Il socket di destinazione non è connesso
2025-12-05 17:16:13,990 - core.mpv_ctrl - ERROR - Errore nell'invio del comando a MPV: [Errno 107] Il socket di destinazione non è connesso
2025-12-05 17:16:14,024 - core.mpv_ctrl - ERROR - Errore nell'invio del comando a MPV: [Errno 107] Il socket di destinazione non è connesso
2025-12-05 17:16:14,057 - core.mpv_ctrl - ERROR - Errore nell'invio del comando a MPV: [Errno 107] Il socket di destinazione non è connesso
2025-12-05 17:16:14,091 - core.mpv_ctrl - ERROR - Errore nell'invio del comando a MPV: [Errno 107] Il socket di destinazione non è connesso
2025-12-05 17:16:14,125 - core.mpv_ctrl - ERROR - Errore nell'invio del comando a MPV: [Errno 107] Il socket di destinazione non è connesso
2025-12-05 17:16:14,159 - core.mpv_ctrl - ERROR - Errore nell'invio del comando a MPV: [Errno 107] Il socket di destinazione non è connesso
2025-12-05 17:16:14,193 - core.mpv_ctrl - ERROR - Errore nell'invio del comando a MPV: [Errno 107] Il socket di destinazione non è connesso
2025-12-05 17:16:14,226 - core.mpv_ctrl - ERROR - Errore nell'invio del comando a MPV: [Errno 107] Il socket di destinazione non è connesso
2025-12-05 17:16:14,259 - core.mpv_ctrl - ERROR - Errore nell'invio del comando a MPV: [Errno 107] Il socket di destinazione non è connesso
2025-12-05 17:16:14,293 - core.mpv_ctrl - ERROR - Errore nell'invio del comando a MPV: [Errno 107] Il socket di destinazione non è connesso
2025-12-05 17:16:14,327 - core.mpv_ctrl - ERROR - Errore nell'invio del comando a MPV: [Errno 107] Il socket di destinazione non è connesso
2025-12-05 17:16:14,360 - core.mpv_ctrl - ERROR - Errore nell'invio del comando a MPV: [Errno 107] Il socket di destinazione non è connesso
2025-12-05 17:16:14,395 - core.mpv_ctrl - ERROR - Errore nell'invio del comando a MPV: [Errno 107] Il socket di destinazione non è connesso
2025-12-05 17:16:14,429 - core.mpv_ctrl - ERROR - Errore nell'invio del comando a MPV: [Errno 107] Il socket di destinazione non è connesso
2025-12-05 17:16:14,463 - core.mpv_ctrl - ERROR - Errore nell'invio del comando a MPV: [Errno 107] Il socket di destinazione non è connesso
2025-12-05 17:16:14,497 - core.mpv_ctrl - ERROR - Errore nell'invio del comando a MPV: [Errno 107] Il socket di destinazione non è connesso
2025-12-05 17:16:14,532 - core.mpv_ctrl - ERROR - Errore nell'invio del comando a MPV: [Errno 107] Il socket di destinazione non è connesso
2025-12-05 17:16:14,565 - core.mpv_ctrl - ERROR - Errore nell'invio del comando a MPV: [Errno 107] Il socket di destinazione non è connesso
2025-12-05 17:16:14,599 - core.mpv_ctrl - ERROR - Errore nell'invio del comando a MPV: [Errno 107] Il socket di destinazione non è connesso
2025-12-05 17:16:14,633 - core.mpv_ctrl - ERROR - Errore nell'invio del comando a MPV: [Errno 107] Il socket di destinazione non è connesso
2025-12-05 17:16:14,667 - core.mpv_ctrl - ERROR - Errore nell'invio del comando a MPV: [Errno 107] Il socket di destinazione non è connesso
2025-12-05 17:16:14,701 - core.mpv_ctrl - ERROR - Errore nell'invio del comando a MPV: [Errno 107] Il socket di destinazione non è connesso
2025-12-05 17:16:14,734 - core.mpv_ctrl - ERROR - Errore nell'invio del comando a MPV: [Errno 107] Il socket di destinazione non è connesso
2025-12-05 17:16:14,768 - core.mpv_ctrl - ERROR - Errore nell'invio del comando a MPV: [Errno 107] Il socket di destinazione non è connesso
2025-12-05 17:16:14,801 - core.mpv_ctrl - ERROR - Errore nell'invio del comando a MPV: [Errno 107] Il socket di destinazione non è connesso
2025-12-05 17:16:14,834 - core.mpv_ctrl - ERROR - Errore nell'invio del comando a MPV: [Errno 107] Il socket di destinazione non è connesso
2025-12-05 17:16:14,868 - core.mpv_ctrl - ERROR - Errore nell'invio del comando a MPV: [Errno 107] Il socket di destinazione non è connesso
2025-12-05 17:16:14,902 - core.mpv_ctrl - ERROR - Errore nell'invio del comando a MPV: [Errno 107] Il socket di destinazione non è connesso
2025-12-05 17:16:14,936 - core.mpv_ctrl - ERROR - Errore nell'invio del comando a MPV: [Errno 107] Il socket di destinazione non è connesso
2025-12-05 17:16:14,970 - core.mpv_ctrl - ERROR - Errore nell'invio del comando a MPV: [Errno 107] Il socket di destinazione non è connesso
2025-12-05 17:16:15,004 - core.mpv_ctrl - ERROR - Errore nell'invio del comando a MPV: [Errno 107] Il socket di destinazione non è connesso
2025-12-05 17:16:15,038 - core.mpv_ctrl - ERROR - Errore nell'invio del comando a MPV: [Errno 107] Il socket di destinazione non è connesso
2025-12-05 17:16:15,071 - core.mpv_ctrl - ERROR - Errore nell'invio del comando a MPV: [Errno 107] Il socket di destinazione non è connesso
2025-12-05 17:16:15,105 - core.mpv_ctrl - ERROR - Errore nell'invio del comando a MPV: [Errno 107] Il socket di destinazione non è connesso
2025-12-05 17:16:15,138 - core.mpv_ctrl - ERROR - Errore nell'invio del comando a MPV: [Errno 107] Il socket di destinazione non è connesso
2025-12-05 17:16:15,172 - core.mpv_ctrl - ERROR - Errore nell'invio del comando a MPV: [Errno 107] Il socket di destinazione non è connesso
2025-12-05 17:16:15,205 - core.mpv_ctrl - ERROR - Errore nell'invio del comando a MPV: [Errno 107] Il socket di destinazione non è connesso
2025-12-05 17:16:15,238 - core.mpv_ctrl - ERROR - Errore nell'invio del comando a MPV: [Errno 107] Il socket di destinazione non è connesso
2025-12-05 17:16:15,272 - core.mpv_ctrl - ERROR - Errore nell'invio del comando a MPV: [Errno 107] Il socket di destinazione non è connesso
2025-12-05 17:16:15,305 - core.mpv_ctrl - ERROR - Errore nell'invio del comando a MPV: [Errno 107] Il socket di destinazione non è connesso
2025-12-05 17:16:15,339 - core.mpv_ctrl - ERROR - Errore nell'invio del comando a MPV: [Errno 107] Il socket di destinazione non è connesso
2025-12-05 17:16:15,373 - core.mpv_ctrl - ERROR - Errore nell'invio del comando a MPV: [Errno 107] Il socket di destinazione non è connesso
2025-12-05 17:16:15,406 - core.mpv_ctrl - ERROR - Errore nell'invio del comando a MPV: [Errno 107] Il socket di destinazione non è connesso
2025-12-05 17:16:15,439 - core.mpv_ctrl - ERROR - Errore nell'invio del comando a MPV: [Errno 107] Il socket di destinazione non è connesso
2025-12-05 17:16:15,473 - core.mpv_ctrl - ERROR - Errore nell'invio del comando a MPV: [Errno 107] Il socket di destinazione non è connesso
2025-12-05 17:16:15,507 - core.mpv_ctrl - ERROR - Errore nell'invio del comando a MPV: [Errno 107] Il socket di destinazione non è connesso
2025-12-05 17:16:15,538 - __main__ - INFO - Pulizia delle risorse...
2025-12-05 17:16:15,540 - core.midi_controller - INFO - Controller MIDI fermato
2025-12-05 17:16:15,542 - __main__ - INFO - Applicazione terminata
2025-12-05 17:22:09,960 - core.mixxx_ctrl - INFO - Connesso a Mixxx su 127.0.0.1:9000
2025-12-05 17:22:10,407 - core.mpv_ctrl - INFO - MPV avviato in modalità embedded
2025-12-05 17:22:10,408 - core.midi_controller - INFO - Controller MIDI fermato
2025-12-05 17:24:09,820 - __main__ - INFO - Pulizia delle risorse...
2025-12-05 17:24:09,822 - core.midi_controller - INFO - Controller MIDI fermato
2025-12-05 17:24:09,835 - __main__ - INFO - Applicazione terminata
2025-12-05 17:26:24,085 - core.mixxx_ctrl - INFO - Connesso a Mixxx su 127.0.0.1:9000
2025-12-05 17:26:24,540 - core.mpv_ctrl - INFO - MPV avviato in modalità embedded
2025-12-05 17:26:24,544 - core.midi_controller - INFO - Controller MIDI fermato
2025-12-05 17:28:30,965 - __main__ - INFO - Pulizia delle risorse...
2025-12-05 17:28:30,971 - core.midi_controller - INFO - Controller MIDI fermato
2025-12-05 17:28:30,984 - __main__ - INFO - Applicazione terminata
2025-12-05 17:30:13,246 - core.mixxx_ctrl - INFO - Connesso a Mixxx su 127.0.0.1:9000
2025-12-05 17:30:13,812 - core.mpv_ctrl - INFO - MPV avviato in modalità embedded
2025-12-05 17:30:13,821 - core.midi_controller - INFO - Controller MIDI fermato
2025-12-05 17:30:16,763 - __main__ - INFO - Pulizia delle risorse...
2025-12-05 17:30:16,766 - core.midi_controller - INFO - Controller MIDI fermato
2025-12-05 17:30:16,779 - __main__ - INFO - Applicazione terminata
2025-12-05 17:33:09,155 - core.mixxx_ctrl - INFO - Connesso a Mixxx su 127.0.0.1:9000
2025-12-05 17:33:09,567 - core.mpv_ctrl - INFO - MPV avviato in modalità embedded
2025-12-05 17:33:09,567 - core.midi_controller - INFO - Controller MIDI fermato
2025-12-05 17:33:12,757 - __main__ - INFO - Pulizia delle risorse...
2025-12-05 17:33:12,759 - core.midi_controller - INFO - Controller MIDI fermato
2025-12-05 17:33:12,768 - __main__ - INFO - Applicazione terminata
2025-12-05 17:34:51,798 - core.mixxx_ctrl - INFO - Connesso a Mixxx su 127.0.0.1:9000
2025-12-05 17:34:52,322 - core.mpv_ctrl - INFO - MPV avviato in modalità embedded
2025-12-05 17:34:52,326 - core.midi_controller - INFO - Controller MIDI fermato
2025-12-05 17:44:57,004 - core.mixxx_ctrl - INFO - Connesso a Mixxx su 127.0.0.1:9000
2025-12-05 17:44:57,718 - core.mpv_ctrl - INFO - MPV avviato in modalità embedded
2025-12-05 18:47:10,925 - __main__ - INFO - Pulizia delle risorse...
2025-12-05 18:47:10,941 - __main__ - INFO - Applicazione terminata
